
> contentplanner-pro@1.1.69 build
> vite build

[36mvite v5.4.8 [32mbuilding for production...[36m[39m
transforming...
node.exe : Browsersli
st: caniuse-lite is o
utdated. Please run:
At line:1 char:1
+ & "C:\Program Files
\nodejs/node.exe" "C:
\Program Files\nodejs
/node_mo ...
+ ~~~~~~~~~~~~~~~~~~~
~~~~~~~~~~~~~~~~~~~~~
~~~~~~~~~~~~~~~~~~~~~
~~~~~~~~
    + CategoryInfo   
           : NotSpe  
  cified: (Browser   
 slist: c...ed. P    
lease run::Strin    g
) [], RemoteExc    ep
tion
    + FullyQualified 
   ErrorId : Native  
  CommandError
 
  npx update-browsers
list-db@latest
  Why you should do i
t regularly: https://
github.com/browsersli
st/update-db#readme
[32mÔťô[39m 34 modules transformed.
[31mx[39m Build fai
led in 1.16s
[31merror during bui
ld:
[31m[vite:esbuild] T
ransform failed with 
1 error:
C:/Users/djatt/Downlo
ads/contentplanner-pr
o-source/contentplann
er-pro-download/src/c
omponents/views/Habit
View.tsx:260:55: ERRO
R: Expected ">" but f
ound "\" gombra ├ęs k
ezd el ├ęp├şteni a re
ndszert.\""[31m
file: [36mC:/Users/d
jatt/Downloads/conten
tplanner-pro-source/c
ontentplanner-pro-dow
nload/src/components/
views/HabitView.tsx:2
60:55[31m
[33m
[33mExpected ">" but
 found "\" gombra ├ęs
 kezd el ├ęp├şteni a 
rendszert.\""[33m
258|                 
         icon={<Spark
les size={32} />}
259|                 
         title="M├ęg 
nincsenek szok├ísaid"
260|                 
         desc="Kattin
ts az " ├Üj szok├ís" 
gombra ├ęs kezd el ├ę
p├şteni a rendszert."
   |                 
                     
                   ^
261|            />
262|          )}
[31m
    at failureErrorWi
thLog (C:\Users\djatt
\Downloads\contentpla
nner-pro-source\conte
ntplanner-pro-downloa
d\node_modules\esbuil
d\lib\main.js:1472:15
)
    at C:\Users\djatt
\Downloads\contentpla
nner-pro-source\conte
ntplanner-pro-downloa
d\node_modules\esbuil
d\lib\main.js:755:50
    at responseCallba
cks.<computed> (C:\Us
ers\djatt\Downloads\c
ontentplanner-pro-sou
rce\contentplanner-pr
o-download\node_modul
es\esbuild\lib\main.j
s:622:9)
    at handleIncoming
Packet (C:\Users\djat
t\Downloads\contentpl
anner-pro-source\cont
entplanner-pro-downlo
ad\node_modules\esbui
ld\lib\main.js:677:12
)
    at Socket.readFro
mStdout (C:\Users\dja
tt\Downloads\contentp
lanner-pro-source\con
tentplanner-pro-downl
oad\node_modules\esbu
ild\lib\main.js:600:7
)
    at Socket.emit (n
ode:events:508:28)
    at addChunk (node
:internal/streams/rea
dable:559:12)
    at readableAddChu
nkPushByteMode (node:
internal/streams/read
able:510:3)
    at Readable.push 
(node:internal/stream
s/readable:390:5)
    at Pipe.onStreamR
ead (node:internal/st
ream_base_commons:189
:23)[39m
